---
source: zap/tests/selene/mod.rs
expression: types_diagnostics
input_file: zap/tests/files/string_kinds.zap
---
[]
