---
source: zap/tests/selene/mod.rs
expression: types_diagnostics
input_file: zap/tests/files/two_unnamed_parameters.zap
---
[]
