---
source: zap/tests/selene/mod.rs
expression: server_diagnostics
input_file: zap/tests/files/or_simple.zap
---
[]
