---
source: zap/tests/selene/mod.rs
expression: tooling_diagnostics
input_file: zap/tests/files/or_unknown.zap
---
[]
