---
source: zap/tests/lune/mod.rs
expression: result
input_file: zap/tests/files/tagged_enum_quoted.zap
---
Ok(
    0,
)
