---
source: zap/tests/lune/mod.rs
expression: result
input_file: zap/tests/files/string_kinds.zap
---
Ok(
    0,
)
