---
source: zap/tests/lune/mod.rs
expression: result
input_file: zap/tests/files/typescript_enum.zap
---
Ok(
    0,
)
